<html>
<body>
<pre>
<h1>µVision Build Log</h1>
<h2>Tool Versions:</h2>
IDE-Version: ¦ÌVision V5.31.0.0
Copyright (C) 2020 ARM Ltd and ARM Germany GmbH. All rights reserved.
License Information: shawn sdf, sdf, LIC=X96CK-ZJ4CX-EVV1R-KZKUW-RB7KH-7LE8A
 
Tool Versions:
Toolchain:       MDK-ARM Plus  Version: 5.31.0.0
Toolchain Path:  D:\keil5\core\ARM\ARMCLANG\Bin
C Compiler:      ArmClang.exe V6.14
Assembler:       Armasm.exe V6.14
Linker/Locator:  ArmLink.exe V6.14
Library Manager: ArmAr.exe V6.14
Hex Converter:   FromElf.exe V6.14
CPU DLL:         SARMCM3.DLL V5.31.0.0
Dialog DLL:      DCM.DLL V1.17.3.0
Target DLL:      CMSIS_AGDI.dll V1.32.6.0
Dialog DLL:      TCM.DLL V1.46.0.0
 
<h2>Project:</h2>
D:\files\gitee\njupt_mic_usbv2\old_stm32_project\MDK-ARM\test_mic.uvprojx
Project File Date:  05/27/2024

<h2>Output:</h2>
*** Using Compiler 'V6.14', folder: 'D:\keil5\core\ARM\ARMCLANG\Bin'
Rebuild target 'test_mic'
assembling startup_stm32f401xc.s...
compiling usbd_audio_if.c...
compiling stm32f4xx_hal_flash.c...
compiling usb_device.c...
compiling usart.c...
compiling stm32f4xx_hal_rcc.c...
compiling dma.c...
compiling tim.c...
compiling adc.c...
compiling usbd_conf.c...
compiling usbd_desc.c...
compiling stm32f4xx_hal_msp.c...
compiling stm32f4xx_hal_pcd_ex.c...
compiling stm32f4xx_hal_rcc_ex.c...
compiling gpio.c...
compiling stm32f4xx_it.c...
compiling spi.c...
compiling stm32f4xx_hal_pcd.c...
compiling stm32f4xx_ll_usb.c...
compiling main.c...
compiling stm32f4xx_hal_flash_ramfunc.c...
compiling stm32f4xx_ll_adc.c...
compiling stm32f4xx_hal_flash_ex.c...
compiling stm32f4xx_hal.c...
compiling stm32f4xx_hal_pwr.c...
compiling stm32f4xx_hal_gpio.c...
compiling stm32f4xx_hal_cortex.c...
compiling stm32f4xx_hal_exti.c...
compiling stm32f4xx_hal_pwr_ex.c...
compiling system_stm32f4xx.c...
compiling stm32f4xx_hal_dma.c...
compiling stm32f4xx_hal_dma_ex.c...
compiling stm32f4xx_hal_adc_ex.c...
compiling stm32f4xx_hal_adc.c...
compiling usbd_core.c...
compiling usbd_ioreq.c...
compiling shell_companion.c...
compiling shell_cmd_list.c...
compiling stm32f4xx_hal_tim_ex.c...
compiling shell_ext.c...
compiling usbd_ctlreq.c...
compiling stm32f4xx_hal_spi.c...
compiling shell_port.c...
compiling u8g2_cleardisplay.c...
compiling u8g2_bitmap.c...
compiling usbd_audio.c...
compiling u8g2_box.c...
compiling u8g2_buffer.c...
compiling stm32f4xx_hal_uart.c...
compiling u8g2_circle.c...
compiling u8g2_d_memory.c...
compiling u8g2_input_value.c...
compiling u8g2_hvline.c...
compiling u8g2_intersection.c...
compiling shell.c...
compiling u8g2_kerning.c...
compiling u8g2_line.c...
compiling u8g2_ll_hvline.c...
compiling u8g2_font.c...
compiling u8log.c...
compiling u8log_u8g2.c...
compiling u8g2_message.c...
compiling u8g2_selection_list.c...
compiling u8g2_polygon.c...
compiling u8log_u8x8.c...
compiling u8g2_setup.c...
compiling stm32f4xx_hal_tim.c...
compiling u8x8_capture.c...
compiling u8x8_d_a2printer.c...
compiling u8x8_d_il3820_296x128.c...
compiling u8x8_d_ist3020.c...
compiling u8x8_d_ist7920.c...
compiling u8x8_8x8.c...
compiling u8x8_cad.c...
compiling u8x8_byte.c...
compiling u8x8_d_ks0108.c...
compiling u8x8_d_lc7981.c...
compiling u8x8_d_ld7032_60x32.c...
compiling u8x8_d_max7219.c...
compiling u8x8_d_pcd8544_84x48.c...
compiling u8x8_d_ls013b7dh03.c...
compiling u8x8_d_pcf8812.c...
compiling u8x8_d_pcf8814_hx1230.c...
compiling u8x8_d_sbn1661.c...
compiling u8x8_d_sed1330.c...
compiling u8x8_d_sh1106_64x32.c...
compiling u8g2_fonts.c...
compiling u8x8_d_sh1106_72x40.c...
compiling u8x8_d_sh1108.c...
compiling u8x8_d_sh1107.c...
compiling u8x8_d_sh1122.c...
compiling u8x8_d_ssd1306_48x64.c...
compiling u8x8_d_ssd1305.c...
compiling u8x8_d_ssd1306_72x40.c...
compiling u8x8_d_ssd1306_64x32.c...
compiling u8x8_d_ssd1306_64x48.c...
compiling u8x8_d_ssd1306_96x16.c...
compiling u8x8_d_ssd1306_128x32.c...
compiling u8x8_d_ssd1306_2040x16.c...
compiling u8x8_d_ssd1306_128x64_noname.c...
compiling u8x8_d_ssd1309.c...
compiling u8x8_d_ssd1316.c...
compiling u8x8_d_ssd1317.c...
compiling u8x8_d_ssd1318.c...
compiling u8x8_d_ssd1326.c...
compiling u8x8_d_ssd1325.c...
compiling u8x8_d_ssd1322.c...
compiling u8x8_d_ssd1327.c...
compiling u8x8_d_ssd1329.c...
compiling u8x8_d_ssd1606_172x72.c...
compiling u8x8_d_st7511.c...
compiling u8x8_d_ssd1607_200x200.c...
compiling u8x8_d_st7528.c...
compiling u8x8_d_st7565.c...
compiling u8x8_d_st7588.c...
compiling u8x8_d_st7920.c...
compiling u8x8_d_st7586s_erc240160.c...
compiling u8x8_d_st7567.c...
compiling u8x8_d_st75320.c...
compiling u8x8_d_st7586s_s028hn118a.c...
compiling u8x8_d_stdio.c...
compiling u8x8_d_t6963.c...
compiling u8x8_d_uc1601.c...
compiling u8x8_d_uc1604.c...
compiling u8x8_d_st75256.c...
compiling u8x8_d_uc1610.c...
compiling u8x8_d_uc1608.c...
compiling u8x8_d_uc1617.c...
compiling u8x8_d_uc1638.c...
compiling u8x8_d_uc1611.c...
compiling u8x8_d_uc1701_mini12864.c...
compiling u8x8_d_uc1701_dogs102.c...
compiling u8x8_debounce.c...
compiling u8x8_gpio.c...
compiling u8x8_display.c...
compiling u8x8_fonts.c...
compiling u8x8_input_value.c...
compiling u8x8_message.c...
compiling u8g2_d_setup.c...
compiling u8x8_selection_list.c...
compiling u8x8_setup.c...
compiling u8x8_u16toa.c...
compiling u8x8_u8toa.c...
compiling u8x8_string.c...
linking...
Program Size: Code=34196 RO-data=3624 RW-data=288 ZI-data=12864  
FromELF: creating hex file...
"test_mic\test_mic.axf" - 0 Error(s), 0 Warning(s).

<h2>Software Packages used:</h2>

Package Vendor: ARM
                http://www.keil.com/pack/ARM.CMSIS.5.7.0.pack
                ARM.CMSIS.5.7.0
                CMSIS (Cortex Microcontroller Software Interface Standard)
   * Component: CORE Version: 5.4.0

Package Vendor: Keil
                http://www.keil.com/pack/Keil.STM32F4xx_DFP.2.16.0.pack
                Keil.STM32F4xx_DFP.2.16.0
                STMicroelectronics STM32F4 Series Device Support, Drivers and Examples

<h2>Collection of Component include folders:</h2>
  .\RTE\_test_mic
  D:\keil5\pack\ARM\CMSIS\5.7.0\CMSIS\Core\Include
  D:\keil5\pack\Keil\STM32F4xx_DFP\2.16.0\Drivers\CMSIS\Device\ST\STM32F4xx\Include

<h2>Collection of Component Files used:</h2>

   * Component: ARM::CMSIS:CORE:5.4.0
      Include file:  CMSIS\Core\Include\tz_context.h
Build Time Elapsed:  00:00:09
</pre>
</body>
</html>
